
> apiflow-frontend@0.0.0 build
> ng build

node.exe : - Generating browser application bu
ndles (phase: setup)...
At C:\Program Files\nodejs\npm.ps1:29 char:3
+   & $NODE_EXE $NPM_CLI_JS $args
+   ~~~~~~~~~~~~~~~~~~~~~~~~~~~~~
    + CategoryInfo          : NotSpecified: ( 
   - Generating br...hase: setup)...:String)  
   [], RemoteException
    + FullyQualifiedErrorId : NativeCommandEr 
   ror
 
Ô£ö Browser application bundle generation comp
lete.
Ô£ö Browser application bundle generation comp
lete.

Warning: C:/Users/zayimhan/Desktop/ai_powered_
api_tester/frontend/src/app/pages/collections/
collections.component.css exceeded maximum bud
get. Budget 2.00 kB was not met by 3.60 kB wit
h a total of 5.60 kB.

Warning: C:/Users/zayimhan/Desktop/ai_powered_
api_tester/frontend/src/app/pages/request-buil
der/request-builder.component.css exceeded max
imum budget. Budget 2.00 kB was not met by 2.9
7 kB with a total of 4.97 kB.



Error: C:/Users/zayimhan/Desktop/ai_powered_ap
i_tester/frontend/src/app/pages/collections/co
llections.component.css exceeded maximum budge
t. Budget 4.00 kB was not met by 1.60 kB with 
a total of 5.60 kB.

Error: C:/Users/zayimhan/Desktop/ai_powered_ap
i_tester/frontend/src/app/pages/request-builde
r/request-builder.component.css exceeded maxim
um budget. Budget 4.00 kB was not met by 994 b
ytes with a total of 4.97 kB.


